
Setting environment for using XAMPP for Windows.
721368@128-IMAC10 c:\xampp
# mysql -u root -p
Enter password:
Welcome to the MariaDB monitor.  Commands end with ; or \g.
Your MariaDB connection id is 7
Server version: 10.1.21-MariaDB mariadb.org binary distribution

Copyright (c) 2000, 2016, Oracle, MariaDB Corporation Ab and others.

Type 'help;' or '\h' for help. Type '\c' to clear the current input statement.

MariaDB [(none)]> show databases;
+--------------------+
| Database           |
+--------------------+
| information_schema |
| mysql              |
| performance_schema |
| phpmyadmin         |
| test               |
+--------------------+
5 rows in set (0.02 sec)

MariaDB [(none)]> create database csd2204w18;
Query OK, 1 row affected (0.00 sec)

MariaDB [(none)]> use csd2204w18;
Database changed
MariaDB [csd2204w18]> show databases;
+--------------------+
| Database           |
+--------------------+
| csd2204w18         |
| information_schema |
| mysql              |
| performance_schema |
| phpmyadmin         |
| test               |
+--------------------+
6 rows in set (0.00 sec)

MariaDB [csd2204w18]> show tables;
Empty set (0.00 sec)

MariaDB [csd2204w18]> create table c1
    ->
    -> ;
ERROR 1113 (42000): A table must have at least 1 column
MariaDB [csd2204w18]> create table c1(
    -> customerid int(2),
    -> name varchar(40),
    -> nickname varchar(10),
    -> address varchar(50),
    -> city varchar(30),
    -> postalcode int(6),
    -> );
ERROR 1064 (42000): You have an error in your SQL syntax; check the manual that corresponds to your MariaDB server version for the right syntax to use near ')' at line 8
MariaDB [csd2204w18]> create table c1(
    -> customerid int(2),
    -> name varchar(40),
    -> nickname varchar(10),
    -> address varchar(50),
    -> city varchar(30),
    -> postalcode int(6)
    -> );
Query OK, 0 rows affected (0.41 sec)

MariaDB [csd2204w18]> MariaDB [csd2204w18]> insert into c1 values(2,'gagan','deep','north york','toronto',123456);\par
ERROR 1064 (42000): You have an error in your SQL syntax; check the manual that corresponds to your MariaDB server version for the right syntax to use near 'MariaDB [csd2204w18]> insert into c1 values(2,'gagan','deep','north york','toron' at line 1
--------------

--------------

    -> insert into c1 values(2,'gagan','deep','north york','toronto',123456);
ERROR 1064 (42000): You have an error in your SQL syntax; check the manual that corresponds to your MariaDB server version for the right syntax to use near 'ar
insert into c1 values(2,'gagan','deep','north york','toronto',123456)' at line 1
MariaDB [csd2204w18]> insert into c1 values(2,'gagan','deep','north york','toronto',123456);
Query OK, 1 row affected (0.44 sec)

MariaDB [csd2204w18]> insert into c1 values(3,'raman','deep','abcd','brampton',234567);
Query OK, 1 row affected (0.09 sec)

MariaDB [csd2204w18]> insert into c1 values(4,'kamal','deep','efgh','south',2345678);
Query OK, 1 row affected (0.25 sec)

MariaDB [csd2204w18]> insert into c1 values(5,'preet','deep','hikl','north',456789);
Query OK, 1 row affected (0.06 sec)

MariaDB [csd2204w18]> insert into c1 values(6,'ram','deep','lmnop','east',789654);
Query OK, 1 row affected (0.27 sec)

MariaDB [csd2204w18]> insert into c1 values(7,'gun','deep','kjhgf','west',567843);
Query OK, 1 row affected (0.05 sec)

MariaDB [csd2204w18]> insert into c1 values(8,'amrit','veer','kjhgb','delhi',345678);
Query OK, 1 row affected (0.05 sec)

MariaDB [csd2204w18]> insert into c1 values(9,'daman','deep','detyui','scarbrough',6754328);
Query OK, 1 row affected (0.06 sec)

MariaDB [csd2204w18]> insert into c1 values(10,'par','deep','fghjkl','toronto',78654332);
Query OK, 1 row affected (0.42 sec)

MariaDB [csd2204w18]> select * from c1;
+------------+-------+----------+------------+------------+------------+
| customerid | name  | nickname | address    | city       | postalcode |
+------------+-------+----------+------------+------------+------------+
|          2 | gagan | deep     | north york | toronto    |     123456 |
|          3 | raman | deep     | abcd       | brampton   |     234567 |
|          4 | kamal | deep     | efgh       | south      |    2345678 |
|          5 | preet | deep     | hikl       | north      |     456789 |
|          6 | ram   | deep     | lmnop      | east       |     789654 |
|          7 | gun   | deep     | kjhgf      | west       |     567843 |
|          8 | amrit | veer     | kjhgb      | delhi      |     345678 |
|          9 | daman | deep     | detyui     | scarbrough |    6754328 |
|         10 | par   | deep     | fghjkl     | toronto    |   78654332 |
+------------+-------+----------+------------+------------+------------+
9 rows in set (0.00 sec)

MariaDB [csd2204w18]> select *from c1 where name like '%n';
+------------+-------+----------+------------+------------+------------+
| customerid | name  | nickname | address    | city       | postalcode |
+------------+-------+----------+------------+------------+------------+
|          2 | gagan | deep     | north york | toronto    |     123456 |
|          3 | raman | deep     | abcd       | brampton   |     234567 |
|          7 | gun   | deep     | kjhgf      | west       |     567843 |
|          9 | daman | deep     | detyui     | scarbrough |    6754328 |
+------------+-------+----------+------------+------------+------------+
4 rows in set (0.00 sec)

MariaDB [csd2204w18]> select *from c1 where name like '%d';
Empty set (0.01 sec)

MariaDB [csd2204w18]> select *from c1 where name like '%g';
Empty set (0.00 sec)

MariaDB [csd2204w18]> select *from c1 where name like '%t';
+------------+-------+----------+---------+-------+------------+
| customerid | name  | nickname | address | city  | postalcode |
+------------+-------+----------+---------+-------+------------+
|          5 | preet | deep     | hikl    | north |     456789 |
|          8 | amrit | veer     | kjhgb   | delhi |     345678 |
+------------+-------+----------+---------+-------+------------+
2 rows in set (0.00 sec)

MariaDB [csd2204w18]> select *from c1 where customer id not between 4 and 7;
ERROR 1064 (42000): You have an error in your SQL syntax; check the manual that corresponds to your MariaDB server version for the right syntax to use near 'id not between 4 and 7' at line 1
MariaDB [csd2204w18]> select * from c1 where customerid not between 4 and 7;
+------------+-------+----------+------------+------------+------------+
| customerid | name  | nickname | address    | city       | postalcode |
+------------+-------+----------+------------+------------+------------+
|          2 | gagan | deep     | north york | toronto    |     123456 |
|          3 | raman | deep     | abcd       | brampton   |     234567 |
|          8 | amrit | veer     | kjhgb      | delhi      |     345678 |
|          9 | daman | deep     | detyui     | scarbrough |    6754328 |
|         10 | par   | deep     | fghjkl     | toronto    |   78654332 |
+------------+-------+----------+------------+------------+------------+
5 rows in set (0.00 sec)

MariaDB [csd2204w18]> select * from c1 where nickname not in ('deep','veer');
Empty set (0.00 sec)

MariaDB [csd2204w18]> select * from c1 where nickname not in('deep','veer');
Empty set (0.00 sec)

MariaDB [csd2204w18]> select * from c1 where nickname in('deep','veer');
+------------+-------+----------+------------+------------+------------+
| customerid | name  | nickname | address    | city       | postalcode |
+------------+-------+----------+------------+------------+------------+
|          2 | gagan | deep     | north york | toronto    |     123456 |
|          3 | raman | deep     | abcd       | brampton   |     234567 |
|          4 | kamal | deep     | efgh       | south      |    2345678 |
|          5 | preet | deep     | hikl       | north      |     456789 |
|          6 | ram   | deep     | lmnop      | east       |     789654 |
|          7 | gun   | deep     | kjhgf      | west       |     567843 |
|          8 | amrit | veer     | kjhgb      | delhi      |     345678 |
|          9 | daman | deep     | detyui     | scarbrough |    6754328 |
|         10 | par   | deep     | fghjkl     | toronto    |   78654332 |
+------------+-------+----------+------------+------------+------------+
9 rows in set (0.00 sec)

MariaDB [csd2204w18]> select count(*) from customers where name like'p';
ERROR 1146 (42S02): Table 'csd2204w18.customers' doesn't exist
MariaDB [csd2204w18]> select count(*) from customers where name like'p%';
ERROR 1146 (42S02): Table 'csd2204w18.customers' doesn't exist
MariaDB [csd2204w18]> select count(*) from c1 where name like'p%';
+----------+
| count(*) |
+----------+
|        2 |
+----------+
1 row in set (0.00 sec)

MariaDB [csd2204w18]> select distinct;
ERROR 1064 (42000): You have an error in your SQL syntax; check the manual that corresponds to your MariaDB server version for the right syntax to use near '' at line 1
MariaDB [csd2204w18]>
MariaDB [csd2204w18]>
MariaDB [csd2204w18]>
MariaDB [csd2204w18]>
MariaDB [csd2204w18]>
MariaDB [csd2204w18]>
MariaDB [csd2204w18]>
MariaDB [csd2204w18]>
MariaDB [csd2204w18]> select distinct(city) from c1;
+------------+
| city       |
+------------+
| toronto    |
| brampton   |
| south      |
| north      |
| east       |
| west       |
| delhi      |
| scarbrough |
+------------+
8 rows in set (0.00 sec)

MariaDB [csd2204w18]> select count(distinct(city)) from c1;
+-----------------------+
| count(distinct(city)) |
+-----------------------+
|                     8 |
+-----------------------+
1 row in set (0.00 sec)

MariaDB [csd2204w18]> select count(city) as "number of customer",city from c1 group by city;
+--------------------+------------+
| number of customer | city       |
+--------------------+------------+
|                  1 | brampton   |
|                  1 | delhi      |
|                  1 | east       |
|                  1 | north      |
|                  1 | scarbrough |
|                  1 | south      |
|                  2 | toronto    |
|                  1 | west       |
+--------------------+------------+
8 rows in set (0.00 sec)

MariaDB [csd2204w18]> select * from customer order by name;
ERROR 1146 (42S02): Table 'csd2204w18.customer' doesn't exist
MariaDB [csd2204w18]> select * from c1 order by name;
+------------+-------+----------+------------+------------+------------+
| customerid | name  | nickname | address    | city       | postalcode |
+------------+-------+----------+------------+------------+------------+
|          8 | amrit | veer     | kjhgb      | delhi      |     345678 |
|          9 | daman | deep     | detyui     | scarbrough |    6754328 |
|          2 | gagan | deep     | north york | toronto    |     123456 |
|          7 | gun   | deep     | kjhgf      | west       |     567843 |
|          4 | kamal | deep     | efgh       | south      |    2345678 |
|         10 | par   | deep     | fghjkl     | toronto    |   78654332 |
|          5 | preet | deep     | hikl       | north      |     456789 |
|          6 | ram   | deep     | lmnop      | east       |     789654 |
|          3 | raman | deep     | abcd       | brampton   |     234567 |
+------------+-------+----------+------------+------------+------------+
9 rows in set (0.00 sec)

MariaDB [csd2204w18]> select * from c1 order by name asc;
+------------+-------+----------+------------+------------+------------+
| customerid | name  | nickname | address    | city       | postalcode |
+------------+-------+----------+------------+------------+------------+
|          8 | amrit | veer     | kjhgb      | delhi      |     345678 |
|          9 | daman | deep     | detyui     | scarbrough |    6754328 |
|          2 | gagan | deep     | north york | toronto    |     123456 |
|          7 | gun   | deep     | kjhgf      | west       |     567843 |
|          4 | kamal | deep     | efgh       | south      |    2345678 |
|         10 | par   | deep     | fghjkl     | toronto    |   78654332 |
|          5 | preet | deep     | hikl       | north      |     456789 |
|          6 | ram   | deep     | lmnop      | east       |     789654 |
|          3 | raman | deep     | abcd       | brampton   |     234567 |
+------------+-------+----------+------------+------------+------------+
9 rows in set (0.00 sec)

MariaDB [csd2204w18]> select * from c1 order by postalcode desc;
+------------+-------+----------+------------+------------+------------+
| customerid | name  | nickname | address    | city       | postalcode |
+------------+-------+----------+------------+------------+------------+
|         10 | par   | deep     | fghjkl     | toronto    |   78654332 |
|          9 | daman | deep     | detyui     | scarbrough |    6754328 |
|          4 | kamal | deep     | efgh       | south      |    2345678 |
|          6 | ram   | deep     | lmnop      | east       |     789654 |
|          7 | gun   | deep     | kjhgf      | west       |     567843 |
|          5 | preet | deep     | hikl       | north      |     456789 |
|          8 | amrit | veer     | kjhgb      | delhi      |     345678 |
|          3 | raman | deep     | abcd       | brampton   |     234567 |
|          2 | gagan | deep     | north york | toronto    |     123456 |
+------------+-------+----------+------------+------------+------------+
9 rows in set (0.00 sec)

MariaDB [csd2204w18]> select * from c1 order by city asc;
+------------+-------+----------+------------+------------+------------+
| customerid | name  | nickname | address    | city       | postalcode |
+------------+-------+----------+------------+------------+------------+
|          3 | raman | deep     | abcd       | brampton   |     234567 |
|          8 | amrit | veer     | kjhgb      | delhi      |     345678 |
|          6 | ram   | deep     | lmnop      | east       |     789654 |
|          5 | preet | deep     | hikl       | north      |     456789 |
|          9 | daman | deep     | detyui     | scarbrough |    6754328 |
|          4 | kamal | deep     | efgh       | south      |    2345678 |
|          2 | gagan | deep     | north york | toronto    |     123456 |
|         10 | par   | deep     | fghjkl     | toronto    |   78654332 |
|          7 | gun   | deep     | kjhgf      | west       |     567843 |
+------------+-------+----------+------------+------------+------------+
9 rows in set (0.00 sec)

MariaDB [csd2204w18]> select * from c1 order by city, postalcode asc;
+------------+-------+----------+------------+------------+------------+
| customerid | name  | nickname | address    | city       | postalcode |
+------------+-------+----------+------------+------------+------------+
|          3 | raman | deep     | abcd       | brampton   |     234567 |
|          8 | amrit | veer     | kjhgb      | delhi      |     345678 |
|          6 | ram   | deep     | lmnop      | east       |     789654 |
|          5 | preet | deep     | hikl       | north      |     456789 |
|          9 | daman | deep     | detyui     | scarbrough |    6754328 |
|          4 | kamal | deep     | efgh       | south      |    2345678 |
|          2 | gagan | deep     | north york | toronto    |     123456 |
|         10 | par   | deep     | fghjkl     | toronto    |   78654332 |
|          7 | gun   | deep     | kjhgf      | west       |     567843 |
+------------+-------+----------+------------+------------+------------+
9 rows in set (0.00 sec)

MariaDB [csd2204w18]> select * from c1 order by postalcode,city asc;
+------------+-------+----------+------------+------------+------------+
| customerid | name  | nickname | address    | city       | postalcode |
+------------+-------+----------+------------+------------+------------+
|          2 | gagan | deep     | north york | toronto    |     123456 |
|          3 | raman | deep     | abcd       | brampton   |     234567 |
|          8 | amrit | veer     | kjhgb      | delhi      |     345678 |
|          5 | preet | deep     | hikl       | north      |     456789 |
|          7 | gun   | deep     | kjhgf      | west       |     567843 |
|          6 | ram   | deep     | lmnop      | east       |     789654 |
|          4 | kamal | deep     | efgh       | south      |    2345678 |
|          9 | daman | deep     | detyui     | scarbrough |    6754328 |
|         10 | par   | deep     | fghjkl     | toronto    |   78654332 |
+------------+-------+----------+------------+------------+------------+
9 rows in set (0.00 sec)

MariaDB [csd2204w18]> select * from c1 order by city asc,postalcode desc;
+------------+-------+----------+------------+------------+------------+
| customerid | name  | nickname | address    | city       | postalcode |
+------------+-------+----------+------------+------------+------------+
|          3 | raman | deep     | abcd       | brampton   |     234567 |
|          8 | amrit | veer     | kjhgb      | delhi      |     345678 |
|          6 | ram   | deep     | lmnop      | east       |     789654 |
|          5 | preet | deep     | hikl       | north      |     456789 |
|          9 | daman | deep     | detyui     | scarbrough |    6754328 |
|          4 | kamal | deep     | efgh       | south      |    2345678 |
|         10 | par   | deep     | fghjkl     | toronto    |   78654332 |
|          2 | gagan | deep     | north york | toronto    |     123456 |
|          7 | gun   | deep     | kjhgf      | west       |     567843 |
+------------+-------+----------+------------+------------+------------+
9 rows in set (0.00 sec)

MariaDB [csd2204w18]> select * from c1 order by customerid desc,name asc,city asc;
+------------+-------+----------+------------+------------+------------+
| customerid | name  | nickname | address    | city       | postalcode |
+------------+-------+----------+------------+------------+------------+
|         10 | par   | deep     | fghjkl     | toronto    |   78654332 |
|          9 | daman | deep     | detyui     | scarbrough |    6754328 |
|          8 | amrit | veer     | kjhgb      | delhi      |     345678 |
|          7 | gun   | deep     | kjhgf      | west       |     567843 |
|          6 | ram   | deep     | lmnop      | east       |     789654 |
|          5 | preet | deep     | hikl       | north      |     456789 |
|          4 | kamal | deep     | efgh       | south      |    2345678 |
|          3 | raman | deep     | abcd       | brampton   |     234567 |
|          2 | gagan | deep     | north york | toronto    |     123456 |
+------------+-------+----------+------------+------------+------------+
9 rows in set (0.00 sec)

MariaDB [csd2204w18]> select count(*),city from customers group by city;
ERROR 1146 (42S02): Table 'csd2204w18.customers' doesn't exist
MariaDB [csd2204w18]> select count(*),city from c1  group by city;
+----------+------------+
| count(*) | city       |
+----------+------------+
|        1 | brampton   |
|        1 | delhi      |
|        1 | east       |
|        1 | north      |
|        1 | scarbrough |
|        1 | south      |
|        2 | toronto    |
|        1 | west       |
+----------+------------+
8 rows in set (0.00 sec)

MariaDB [csd2204w18]> select *from c1 group by city,customer name like'%g';
ERROR 1064 (42000): You have an error in your SQL syntax; check the manual that corresponds to your MariaDB server version for the right syntax to use near 'name like'%g'' at line 1
MariaDB [csd2204w18]> select *from customer group by city like 'g%';
ERROR 1146 (42S02): Table 'csd2204w18.customer' doesn't exist
MariaDB [csd2204w18]> select *from c1  group by city like 'g%';
+------------+-------+----------+------------+---------+------------+
| customerid | name  | nickname | address    | city    | postalcode |
+------------+-------+----------+------------+---------+------------+
|          2 | gagan | deep     | north york | toronto |     123456 |
+------------+-------+----------+------------+---------+------------+
1 row in set (0.00 sec)

MariaDB [csd2204w18]> select min(postalcode) from customers;
ERROR 1146 (42S02): Table 'csd2204w18.customers' doesn't exist
MariaDB [csd2204w18]> select min(postalcode) from c1;
+-----------------+
| min(postalcode) |
+-----------------+
|          123456 |
+-----------------+
1 row in set (0.00 sec)

MariaDB [csd2204w18]> select max(postalcode) from c1;
+-----------------+
| max(postalcode) |
+-----------------+
|        78654332 |
+-----------------+
1 row in set (0.00 sec)

MariaDB [csd2204w18]> select sum(postalcode) from c1;
+-----------------+
| sum(postalcode) |
+-----------------+
|        90272325 |
+-----------------+
1 row in set (0.00 sec)

MariaDB [csd2204w18]> select avg(postalcode) from c1;
+-----------------+
| avg(postalcode) |
+-----------------+
|   10030258.3333 |
+-----------------+
1 row in set (0.00 sec)

MariaDB [csd2204w18]> select *from c1 order by postalcode asc,city desc;
+------------+-------+----------+------------+------------+------------+
| customerid | name  | nickname | address    | city       | postalcode |
+------------+-------+----------+------------+------------+------------+
|          2 | gagan | deep     | north york | toronto    |     123456 |
|          3 | raman | deep     | abcd       | brampton   |     234567 |
|          8 | amrit | veer     | kjhgb      | delhi      |     345678 |
|          5 | preet | deep     | hikl       | north      |     456789 |
|          7 | gun   | deep     | kjhgf      | west       |     567843 |
|          6 | ram   | deep     | lmnop      | east       |     789654 |
|          4 | kamal | deep     | efgh       | south      |    2345678 |
|          9 | daman | deep     | detyui     | scarbrough |    6754328 |
|         10 | par   | deep     | fghjkl     | toronto    |   78654332 |
+------------+-------+----------+------------+------------+------------+
9 rows in set (0.00 sec)

MariaDB [csd2204w18]> select *from c1 group by address;
+------------+-------+----------+------------+------------+------------+
| customerid | name  | nickname | address    | city       | postalcode |
+------------+-------+----------+------------+------------+------------+
|          3 | raman | deep     | abcd       | brampton   |     234567 |
|          9 | daman | deep     | detyui     | scarbrough |    6754328 |
|          4 | kamal | deep     | efgh       | south      |    2345678 |
|         10 | par   | deep     | fghjkl     | toronto    |   78654332 |
|          5 | preet | deep     | hikl       | north      |     456789 |
|          8 | amrit | veer     | kjhgb      | delhi      |     345678 |
|          7 | gun   | deep     | kjhgf      | west       |     567843 |
|          6 | ram   | deep     | lmnop      | east       |     789654 |
|          2 | gagan | deep     | north york | toronto    |     123456 |
+------------+-------+----------+------------+------------+------------+
9 rows in set (0.00 sec)

MariaDB [csd2204w18]> select *from c1 group by address desc;
+------------+-------+----------+------------+------------+------------+
| customerid | name  | nickname | address    | city       | postalcode |
+------------+-------+----------+------------+------------+------------+
|          2 | gagan | deep     | north york | toronto    |     123456 |
|          6 | ram   | deep     | lmnop      | east       |     789654 |
|          7 | gun   | deep     | kjhgf      | west       |     567843 |
|          8 | amrit | veer     | kjhgb      | delhi      |     345678 |
|          5 | preet | deep     | hikl       | north      |     456789 |
|         10 | par   | deep     | fghjkl     | toronto    |   78654332 |
|          4 | kamal | deep     | efgh       | south      |    2345678 |
|          9 | daman | deep     | detyui     | scarbrough |    6754328 |
|          3 | raman | deep     | abcd       | brampton   |     234567 |
+------------+-------+----------+------------+------------+------------+
9 rows in set (0.00 sec)

MariaDB [csd2204w18]> select *from c1 order by customer id;
ERROR 1064 (42000): You have an error in your SQL syntax; check the manual that corresponds to your MariaDB server version for the right syntax to use near 'id' at line 1
MariaDB [csd2204w18]> select *from c1 order by customerid;
+------------+-------+----------+------------+------------+------------+
| customerid | name  | nickname | address    | city       | postalcode |
+------------+-------+----------+------------+------------+------------+
|          2 | gagan | deep     | north york | toronto    |     123456 |
|          3 | raman | deep     | abcd       | brampton   |     234567 |
|          4 | kamal | deep     | efgh       | south      |    2345678 |
|          5 | preet | deep     | hikl       | north      |     456789 |
|          6 | ram   | deep     | lmnop      | east       |     789654 |
|          7 | gun   | deep     | kjhgf      | west       |     567843 |
|          8 | amrit | veer     | kjhgb      | delhi      |     345678 |
|          9 | daman | deep     | detyui     | scarbrough |    6754328 |
|         10 | par   | deep     | fghjkl     | toronto    |   78654332 |
+------------+-------+----------+------------+------------+------------+
9 rows in set (0.00 sec)

MariaDB [csd2204w18]> select city,count(city)*100/10 as "customer%", from customer group by city;
ERROR 1064 (42000): You have an error in your SQL syntax; check the manual that corresponds to your MariaDB server version for the right syntax to use near 'from customer group by city' at line 1
MariaDB [csd2204w18]> select * from customer limit 5;
ERROR 1146 (42S02): Table 'csd2204w18.customer' doesn't exist
MariaDB [csd2204w18]> select * from c1 limit 5;
+------------+-------+----------+------------+----------+------------+
| customerid | name  | nickname | address    | city     | postalcode |
+------------+-------+----------+------------+----------+------------+
|          2 | gagan | deep     | north york | toronto  |     123456 |
|          3 | raman | deep     | abcd       | brampton |     234567 |
|          4 | kamal | deep     | efgh       | south    |    2345678 |
|          5 | preet | deep     | hikl       | north    |     456789 |
|          6 | ram   | deep     | lmnop      | east     |     789654 |
+------------+-------+----------+------------+----------+------------+
5 rows in set (0.00 sec)

MariaDB [csd2204w18]> select *from c1 order by customerid desc limit3;
ERROR 1064 (42000): You have an error in your SQL syntax; check the manual that corresponds to your MariaDB server version for the right syntax to use near 'limit3' at line 1
MariaDB [csd2204w18]> select *from c1 order by customerid asc limit 3;
+------------+-------+----------+------------+----------+------------+
| customerid | name  | nickname | address    | city     | postalcode |
+------------+-------+----------+------------+----------+------------+
|          2 | gagan | deep     | north york | toronto  |     123456 |
|          3 | raman | deep     | abcd       | brampton |     234567 |
|          4 | kamal | deep     | efgh       | south    |    2345678 |
+------------+-------+----------+------------+----------+------------+
3 rows in set (0.00 sec)

MariaDB [csd2204w18]> select *from c1 order by customerid desc limit 3;
+------------+-------+----------+---------+------------+------------+
| customerid | name  | nickname | address | city       | postalcode |
+------------+-------+----------+---------+------------+------------+
|         10 | par   | deep     | fghjkl  | toronto    |   78654332 |
|          9 | daman | deep     | detyui  | scarbrough |    6754328 |
|          8 | amrit | veer     | kjhgb   | delhi      |     345678 |
+------------+-------+----------+---------+------------+------------+
3 rows in set (0.00 sec)

MariaDB [csd2204w18]> select *from c1 order by customerid desc limit 3
    -> ;
+------------+-------+----------+---------+------------+------------+
| customerid | name  | nickname | address | city       | postalcode |
+------------+-------+----------+---------+------------+------------+
|         10 | par   | deep     | fghjkl  | toronto    |   78654332 |
|          9 | daman | deep     | detyui  | scarbrough |    6754328 |
|          8 | amrit | veer     | kjhgb   | delhi      |     345678 |
+------------+-------+----------+---------+------------+------------+
3 rows in set (0.00 sec)

MariaDB [csd2204w18]> (select * from customer order by customerid desc limit 3) order by customerid asc;
ERROR 1146 (42S02): Table 'csd2204w18.customer' doesn't exist
MariaDB [csd2204w18]> (select * from c1 order by customerid desc limit 3) order by customerid asc;
+------------+-------+----------+---------+------------+------------+
| customerid | name  | nickname | address | city       | postalcode |
+------------+-------+----------+---------+------------+------------+
|          8 | amrit | veer     | kjhgb   | delhi      |     345678 |
|          9 | daman | deep     | detyui  | scarbrough |    6754328 |
|         10 | par   | deep     | fghjkl  | toronto    |   78654332 |
+------------+-------+----------+---------+------------+------------+
3 rows in set (0.00 sec)

MariaDB [csd2204w18]> insert into c1(customerid,name,address) values((11)'ram');
ERROR 1064 (42000): You have an error in your SQL syntax; check the manual that corresponds to your MariaDB server version for the right syntax to use near ''ram')' at line 1
MariaDB [csd2204w18]> insert into customer(customerid,name,address) values((11)'ram');
ERROR 1064 (42000): You have an error in your SQL syntax; check the manual that corresponds to your MariaDB server version for the right syntax to use near ''ram')' at line 1
MariaDB [csd2204w18]> insert into customer(customerid,name,address) values((11)'amrit');
ERROR 1064 (42000): You have an error in your SQL syntax; check the manual that corresponds to your MariaDB server version for the right syntax to use near ''amrit')' at line 1
MariaDB [csd2204w18]> insert into customers(customerid,name,address) values((11'amrit');
ERROR 1064 (42000): You have an error in your SQL syntax; check the manual that corresponds to your MariaDB server version for the right syntax to use near ''amrit')' at line 1
MariaDB [csd2204w18]> insert into c1(customerid,name) values((11'amrit');
ERROR 1064 (42000): You have an error in your SQL syntax; check the manual that corresponds to your MariaDB server version for the right syntax to use near ''amrit')' at line 1
MariaDB [csd2204w18]> insert into c1(customerid,name) values((11,'amrit');
ERROR 1064 (42000): You have an error in your SQL syntax; check the manual that corresponds to your MariaDB server version for the right syntax to use near '' at line 1
MariaDB [csd2204w18]> insert into c1(customerid,name)values((11,'amrit');
ERROR 1064 (42000): You have an error in your SQL syntax; check the manual that corresponds to your MariaDB server version for the right syntax to use near '' at line 1
MariaDB [csd2204w18]> insert into c1(customerid,name) values(11,'amrit');
Query OK, 1 row affected (0.42 sec)

MariaDB [csd2204w18]> select * from c1;
+------------+-------+----------+------------+------------+------------+
| customerid | name  | nickname | address    | city       | postalcode |
+------------+-------+----------+------------+------------+------------+
|          2 | gagan | deep     | north york | toronto    |     123456 |
|          3 | raman | deep     | abcd       | brampton   |     234567 |
|          4 | kamal | deep     | efgh       | south      |    2345678 |
|          5 | preet | deep     | hikl       | north      |     456789 |
|          6 | ram   | deep     | lmnop      | east       |     789654 |
|          7 | gun   | deep     | kjhgf      | west       |     567843 |
|          8 | amrit | veer     | kjhgb      | delhi      |     345678 |
|          9 | daman | deep     | detyui     | scarbrough |    6754328 |
|         10 | par   | deep     | fghjkl     | toronto    |   78654332 |
|         11 | amrit | NULL     | NULL       | NULL       |       NULL |
+------------+-------+----------+------------+------------+------------+
10 rows in set (0.00 sec)

MariaDB [csd2204w18]> select * from customers where nickname is null;
ERROR 1146 (42S02): Table 'csd2204w18.customers' doesn't exist
MariaDB [csd2204w18]> select * from c1 where nickname is null;
+------------+-------+----------+---------+------+------------+
| customerid | name  | nickname | address | city | postalcode |
+------------+-------+----------+---------+------+------------+
|         11 | amrit | NULL     | NULL    | NULL |       NULL |
+------------+-------+----------+---------+------+------------+
1 row in set (0.00 sec)

MariaDB [csd2204w18]> select * from c1 where nickname is not null;
+------------+-------+----------+------------+------------+------------+
| customerid | name  | nickname | address    | city       | postalcode |
+------------+-------+----------+------------+------------+------------+
|          2 | gagan | deep     | north york | toronto    |     123456 |
|          3 | raman | deep     | abcd       | brampton   |     234567 |
|          4 | kamal | deep     | efgh       | south      |    2345678 |
|          5 | preet | deep     | hikl       | north      |     456789 |
|          6 | ram   | deep     | lmnop      | east       |     789654 |
|          7 | gun   | deep     | kjhgf      | west       |     567843 |
|          8 | amrit | veer     | kjhgb      | delhi      |     345678 |
|          9 | daman | deep     | detyui     | scarbrough |    6754328 |
|         10 | par   | deep     | fghjkl     | toronto    |   78654332 |
+------------+-------+----------+------------+------------+------------+
9 rows in set (0.00 sec)

MariaDB [csd2204w18]> exit
Bye

721368@128-IMAC10 c:\xampp
# mysqldump -u root -p csd2204w18 > day4.sql
Enter password:

721368@128-IMAC10 c:\xampp
#
721368@128-IMAC10 c:\xampp
#